Change Component Footprint: Designator=R2 Old Footprint=AXIAL-0.3 New Footprint=RESC1005X40
Change Component Footprint: Designator=R3 Old Footprint=AXIAL-0.3 New Footprint=RESC1005X40
Change Component Footprint: Designator=C11 Old Footprint=RAD-0.3 New Footprint=CAPC1005X55N
Added Component: Designator=D1(LEDSC160X80X70L45N)
Add component (AddParameter): Name = "Check_prices"; Value = "https://www.snapeda.com/parts/597-3326-607F/Dialight/view-part/?ref=eda"; VariantName = "[No Variations]"
Add component (AddParameter): Name = "MF"; Value = "Dialight"; VariantName = "[No Variations]"
Add component (AddParameter): Name = "MP"; Value = "597-3326-607F"; VariantName = "[No Variations]"
Add component (AddParameter): Name = "Package"; Value = "0603 Dialight"; VariantName = "[No Variations]"
Add component (AddParameter): Name = "SnapEDA_Link"; Value = "https://www.snapeda.com/parts/597-3326-607F/Dialight/view-part/?ref=snap"; VariantName = "[No Variations]"
Add component (AddParameter): Name = "Value"; Value = ""; VariantName = "[No Variations]"
Added Component: Designator=R4(LEDSC160X80X70L45N)
Add component (AddParameter): Name = "LatestRevisionDate"; Value = "17-Jul-2002"; VariantName = "[No Variations]"
Add component (AddParameter): Name = "LatestRevisionNote"; Value = "Re-released for DXP Platform."; VariantName = "[No Variations]"
Add component (AddParameter): Name = "PackageDescription"; Value = "Axial Device, Thru-Hole; 2 Leads; 0.3 in Pin Spacing"; VariantName = "[No Variations]"
Add component (AddParameter): Name = "PackageReference"; Value = "AXIAL-0.3"; VariantName = "[No Variations]"
Add component (AddParameter): Name = "Published"; Value = "8-Jun-2000"; VariantName = "[No Variations]"
Add component (AddParameter): Name = "Publisher"; Value = "Altium Limited"; VariantName = "[No Variations]"
Add component (AddParameter): Name = "Value"; Value = "220"; VariantName = "[No Variations]"
Added Pin To Net: NetName=GND Pin=D1-C
Added Pin To Net: NetName=NetD1_A Pin=D1-A
Added Net: Name=NetD1_A
Added Pin To Net: NetName=NetR4_1 Pin=U1-27
Added Net: Name=NetR4_1
Added Member To Class: ClassName=U_ESP32_Module Member=Component D1 597-3326-607F
Added Member To Class: ClassName=U_ESP32_Module Member=Component R4 Res1
