Removed Pin From Net: NetName=NetC9_2 Pin=J1-1
Removed Pin From Net: NetName=V_BAT Pin=J2-1
Removed Pin From Net: NetName=GND Pin=J2-2
Removed Member From Class: ClassName=U_ESP32_Module Member=J2
Change Component Footprint: Designator=J1 Old Footprint=JST_B2B-PH-K-S(LF)(SN) New Footprint=JST_S2B-PH-K-S(LF)(SN)
Change Component Comment : Designator=J1 Old Comment=B2B-PH-K-S(LF)(SN) New Comment=S2B-PH-K-S(LF)(SN)
Change component parameters: Designator = "J1" ("J1"); Footprint = "JST_B2B-PH-K-S(LF)(SN)"; UniqueID = "\ECXSMGBI\VJABWFOU" ("\ECXSMGBI\VJABWFOU")
Change component parameters (AddParameter): Name = "Check_prices"; Value = "https://www.snapeda.com/parts/S2B-PH-K-S(LF)(SN)/JST/view-part/?ref=eda"; VariantName = "[No Variations]"
Change component parameters (AddParameter): Name = "MF"; Value = "JST Sales America Inc."; VariantName = "[No Variations]"
Change component parameters (AddParameter): Name = "MP"; Value = "S2B-PH-K-S(LF)(SN)"; VariantName = "[No Variations]"
Change component parameters (AddParameter): Name = "Package"; Value = "NON STANDARD-2 J.S.T."; VariantName = "[No Variations]"
Change component parameters (AddParameter): Name = "SnapEDA_Link"; Value = "https://www.snapeda.com/parts/S2B-PH-K-S(LF)(SN)/JST/view-part/?ref=snap"; VariantName = "[No Variations]"
Change component parameters (AddParameter): Name = "Value"; Value = ""; VariantName = "[No Variations]"
Added Component: Designator=P1(JST_S2B-PH-SM4-TB(LF)(SN))
Add component (AddParameter): Name = "Check_prices"; Value = "https://www.snapeda.com/parts/S2B-PH-SM4-TB%20(LF)(SN)/JST/view-part/?ref=eda"; VariantName = "[No Variations]"
Add component (AddParameter): Name = "MF"; Value = "JST Sales"; VariantName = "[No Variations]"
Add component (AddParameter): Name = "MP"; Value = "S2B-PH-SM4-TB (LF)(SN)"; VariantName = "[No Variations]"
Add component (AddParameter): Name = "Package"; Value = "None"; VariantName = "[No Variations]"
Add component (AddParameter): Name = "SnapEDA_Link"; Value = "https://www.snapeda.com/parts/S2B-PH-SM4-TB%20(LF)(SN)/JST/view-part/?ref=snap"; VariantName = "[No Variations]"
Add component (AddParameter): Name = "Value"; Value = ""; VariantName = "[No Variations]"
Added Pin To Net: NetName=V_BAT Pin=J1-1
Added Pin To Net: NetName=NetC9_2 Pin=P1-1
Added Pin To Net: NetName=GND Pin=P1-2
Added Member To Class: ClassName=U_ESP32_Module Member=Component P1 S2B-PH-SM4-TB(LF)(SN)
