Removed Pin From Net: NetName=GND Pin=C4-1
Removed Pin From Net: NetName=IO0 Pin=C4-2
Removed Pin From Net: NetName=GND Pin=J1-3
Removed Pin From Net: NetName=GND Pin=J1-4
Removed Pin From Net: NetName=GND Pin=J2-3
Removed Pin From Net: NetName=GND Pin=J2-4
Removed Pin From Net: NetName=GND Pin=SW1-1
Removed Pin From Net: NetName=IO0 Pin=SW1-2
Removed Member From Class: ClassName=U_ESP32_Module Member=C4
Added Component: Designator=3(JST_BM05B-SRSS-TB(LF)(SN))
Add component (AddParameter): Name = "Availability"; Value = "Unavailable"; VariantName = "[No Variations]"
Add component (AddParameter): Name = "MF"; Value = ""; VariantName = "[No Variations]"
Add component (AddParameter): Name = "MP"; Value = "BM05B-SRSS-TB(LF)(SN)"; VariantName = "[No Variations]"
Add component (AddParameter): Name = "Package"; Value = "None"; VariantName = "[No Variations]"
Add component (AddParameter): Name = "Price"; Value = "None"; VariantName = "[No Variations]"
Add component (AddParameter): Name = "Value"; Value = ""; VariantName = "[No Variations]"
Added Component: Designator=R9(RESC1005X40)
Add component (AddParameter): Name = "LatestRevisionDate"; Value = "17-Jul-2002"; VariantName = "[No Variations]"
Add component (AddParameter): Name = "LatestRevisionNote"; Value = "Re-released for DXP Platform."; VariantName = "[No Variations]"
Add component (AddParameter): Name = "PackageDescription"; Value = "Axial Device, Thru-Hole; 2 Leads; 0.3 in Pin Spacing"; VariantName = "[No Variations]"
Add component (AddParameter): Name = "PackageReference"; Value = "AXIAL-0.3"; VariantName = "[No Variations]"
Add component (AddParameter): Name = "Published"; Value = "8-Jun-2000"; VariantName = "[No Variations]"
Add component (AddParameter): Name = "Publisher"; Value = "Altium Limited"; VariantName = "[No Variations]"
Add component (AddParameter): Name = "Value"; Value = "10k (5%)"; VariantName = "[No Variations]"
Added Pin To Net: NetName=+3.3V Pin=3-1
Added Pin To Net: NetName=IO0 Pin=3-4
Added Pin To Net: NetName=GND Pin=3-5
Added Pin To Net: NetName=GND Pin=3-S1
Added Pin To Net: NetName=GND Pin=3-S2
Added Pin To Net: NetName=IO0 Pin=R9-1
Added Pin To Net: NetName=+3.3V Pin=R9-2
Added Pin To Net: NetName=IO0 Pin=SW1-1
Added Pin To Net: NetName=GND Pin=SW1-2
Added Pin To Net: NetName=RXD0 Pin=3-3
Added Pin To Net: NetName=RXD0 Pin=U1-34
Added Net: Name=RXD0
Added Pin To Net: NetName=TXD0 Pin=3-2
Added Pin To Net: NetName=TXD0 Pin=U1-35
Added Net: Name=TXD0
Added Member To Class: ClassName=U_ESP32_Module Member=Component 3 BM05B-SRSS-TB(LF)(SN)
Added Member To Class: ClassName=U_ESP32_Module Member=Component R9 Res1
